:***************************************************************************************************

:Программа Main

:Общая статистика

    :Всего переменных БД - 1
    :Всего переменных ВА - 0
    :Всего переменных АВ - 0
    :Всего переменных ВД - 0
    :Всего переменных ДВ - 0
    :Всего переменных РВ - 1
    :Всего внутренних переменных - 0
    :Всего переменных ПВ - 0
    :Всего переменных ПЦ - 0
    :Всего переменных ПЛ - 0
    :Всего переменных ТС - 0
    :Всего переменных ТМ - 0
    :Всего переменных ТЧ - 0
    :Всего глобальных переменных - 0
    :Всего локальных переменных - 0
    :Всего глобальных массивов - 0
    :Всего локальных массивов - 0
    :Всего глобальных констант - 6
    :Всего локальных констант - 0
    :Всего последовательностей - 0
    :Всего вызовов процедур - 0
    :Всего вызовов функций - 5

:Переменные БД

    :ВА - нет
    :АВ - нет
    :ВД - нет
    :ДВ - нет
    :РВ - 500

:Внутренние переменные

    :ПВ - нет
    :ПЦ - нет
    :ПЛ - нет
    :ТС - нет
    :ТМ - нет
    :ТЧ - нет

:Глобальные переменные

    :Cтр - нет
    :Вещ64 - нет
    :Вещ32 - нет
    :Цел64 - нет
    :Цел32 - нет
    :Цел16 - нет
    :Цел8 - нет
    :Лог - нет

:Локальные переменные

    :Cтр - нет
    :Вещ64 - нет
    :Вещ32 - нет
    :Цел64 - нет
    :Цел32 - нет
    :Цел16 - нет
    :Цел8 - нет
    :Лог - нет

:Глобальные массивы

    :Cтр - нет
    :Вещ64 - нет
    :Вещ32 - нет
    :Цел64 - нет
    :Цел32 - нет
    :Цел16 - нет
    :Цел8 - нет
    :Лог - нет

:Локальные массивы

    :Cтр - нет
    :Вещ64 - нет
    :Вещ32 - нет
    :Цел64 - нет
    :Цел32 - нет
    :Цел16 - нет
    :Цел8 - нет
    :Лог - нет

:Глобальные константы

    :Cтр - нет
    :Вещ64 - нет
    :Вещ32 - нет
    :Цел64 - нет
    :Цел32 - нет
    :Цел16 - TIMER_IS_NOT_INIT = 0, TMR_TYPE_HOUR = 2, TMR_TYPE_MINUTE = 1, TMR_TYPE_SECOND = 0
    :Цел8 - нет
    :Лог - FALSE = 0, TRUE = 1

:Локальные константы

    :Cтр - нет
    :Вещ64 - нет
    :Вещ32 - нет
    :Цел64 - нет
    :Цел32 - нет
    :Цел16 - нет
    :Цел8 - нет
    :Лог - нет

:Вызовы функций

    :TimerControl_CreateTmr
    :TimerControl_DisposeTmr
    :TimerControl_IsOverTmr
    :TimerControl_StartTmr
    :TimerControl_TmrIsExist

:***************************************************************************************************

:Функция TimerControl_CreateTmr

:Общая статистика

    :Всего переменных БД - 0
    :Всего переменных ВА - 0
    :Всего переменных АВ - 0
    :Всего переменных ВД - 0
    :Всего переменных ДВ - 0
    :Всего переменных РВ - 0
    :Всего внутренних переменных - 100
    :Всего переменных ПВ - 50
    :Всего переменных ПЦ - 0
    :Всего переменных ПЛ - 0
    :Всего переменных ТС - 50
    :Всего переменных ТМ - 0
    :Всего переменных ТЧ - 0
    :Всего глобальных переменных - 0
    :Всего локальных переменных - 3
    :Всего глобальных массивов - 0
    :Всего локальных массивов - 0
    :Всего глобальных констант - 6
    :Всего локальных констант - 0
    :Всего последовательностей - 2
    :Всего вызовов процедур - 0
    :Всего вызовов функций - 0

:Переменные БД

    :ВА - нет
    :АВ - нет
    :ВД - нет
    :ДВ - нет
    :РВ - нет

:Внутренние переменные

    :ПВ - 950...999
    :ПЦ - нет
    :ПЛ - нет
    :ТС - 1...50
    :ТМ - нет
    :ТЧ - нет

:Глобальные переменные

    :Cтр - нет
    :Вещ64 - нет
    :Вещ32 - нет
    :Цел64 - нет
    :Цел32 - нет
    :Цел16 - нет
    :Цел8 - нет
    :Лог - нет

:Локальные переменные

    :Cтр - нет
    :Вещ64 - нет
    :Вещ32 - threshold
    :Цел64 - нет
    :Цел32 - нет
    :Цел16 - tmrId
    :Цел8 - нет
    :Лог - tmrWasCreated

:Глобальные массивы

    :Cтр - нет
    :Вещ64 - нет
    :Вещ32 - нет
    :Цел64 - нет
    :Цел32 - нет
    :Цел16 - нет
    :Цел8 - нет
    :Лог - нет

:Локальные массивы

    :Cтр - нет
    :Вещ64 - нет
    :Вещ32 - нет
    :Цел64 - нет
    :Цел32 - нет
    :Цел16 - нет
    :Цел8 - нет
    :Лог - нет

:Глобальные константы

    :Cтр - нет
    :Вещ64 - нет
    :Вещ32 - нет
    :Цел64 - нет
    :Цел32 - нет
    :Цел16 - TIMER_IS_NOT_INIT = 0, TMR_TYPE_HOUR = 2, TMR_TYPE_MINUTE = 1, TMR_TYPE_SECOND = 0
    :Цел8 - нет
    :Лог - FALSE = 0, TRUE = 1

:Локальные константы

    :Cтр - нет
    :Вещ64 - нет
    :Вещ32 - нет
    :Цел64 - нет
    :Цел32 - нет
    :Цел16 - нет
    :Цел8 - нет
    :Лог - нет

:Последовательности

    :Имена - iTmrId, iTmrThreshold
    :iTmrId - [ 1...50 ] всего элементов 50, iTmrThreshold - [ 950...999 ] всего элементов 50

:***************************************************************************************************

:Функция TimerControl_DisposeTmr

:Общая статистика

    :Всего переменных БД - 0
    :Всего переменных ВА - 0
    :Всего переменных АВ - 0
    :Всего переменных ВД - 0
    :Всего переменных ДВ - 0
    :Всего переменных РВ - 0
    :Всего внутренних переменных - 100
    :Всего переменных ПВ - 50
    :Всего переменных ПЦ - 0
    :Всего переменных ПЛ - 0
    :Всего переменных ТС - 50
    :Всего переменных ТМ - 0
    :Всего переменных ТЧ - 0
    :Всего глобальных переменных - 0
    :Всего локальных переменных - 2
    :Всего глобальных массивов - 0
    :Всего локальных массивов - 0
    :Всего глобальных констант - 6
    :Всего локальных констант - 0
    :Всего последовательностей - 2
    :Всего вызовов процедур - 0
    :Всего вызовов функций - 0

:Переменные БД

    :ВА - нет
    :АВ - нет
    :ВД - нет
    :ДВ - нет
    :РВ - нет

:Внутренние переменные

    :ПВ - 950...999
    :ПЦ - нет
    :ПЛ - нет
    :ТС - 1...50
    :ТМ - нет
    :ТЧ - нет

:Глобальные переменные

    :Cтр - нет
    :Вещ64 - нет
    :Вещ32 - нет
    :Цел64 - нет
    :Цел32 - нет
    :Цел16 - нет
    :Цел8 - нет
    :Лог - нет

:Локальные переменные

    :Cтр - нет
    :Вещ64 - нет
    :Вещ32 - нет
    :Цел64 - нет
    :Цел32 - нет
    :Цел16 - tmrId
    :Цел8 - нет
    :Лог - tmrWasDisposed

:Глобальные массивы

    :Cтр - нет
    :Вещ64 - нет
    :Вещ32 - нет
    :Цел64 - нет
    :Цел32 - нет
    :Цел16 - нет
    :Цел8 - нет
    :Лог - нет

:Локальные массивы

    :Cтр - нет
    :Вещ64 - нет
    :Вещ32 - нет
    :Цел64 - нет
    :Цел32 - нет
    :Цел16 - нет
    :Цел8 - нет
    :Лог - нет

:Глобальные константы

    :Cтр - нет
    :Вещ64 - нет
    :Вещ32 - нет
    :Цел64 - нет
    :Цел32 - нет
    :Цел16 - TIMER_IS_NOT_INIT = 0, TMR_TYPE_HOUR = 2, TMR_TYPE_MINUTE = 1, TMR_TYPE_SECOND = 0
    :Цел8 - нет
    :Лог - FALSE = 0, TRUE = 1

:Локальные константы

    :Cтр - нет
    :Вещ64 - нет
    :Вещ32 - нет
    :Цел64 - нет
    :Цел32 - нет
    :Цел16 - нет
    :Цел8 - нет
    :Лог - нет

:Последовательности

    :Имена - iTmrId, iTmrThreshold
    :iTmrId - [ 1...50 ] всего элементов 50, iTmrThreshold - [ 950...999 ] всего элементов 50

:***************************************************************************************************

:Функция TimerControl_IsOverTmr

:Общая статистика

    :Всего переменных БД - 0
    :Всего переменных ВА - 0
    :Всего переменных АВ - 0
    :Всего переменных ВД - 0
    :Всего переменных ДВ - 0
    :Всего переменных РВ - 0
    :Всего внутренних переменных - 100
    :Всего переменных ПВ - 50
    :Всего переменных ПЦ - 0
    :Всего переменных ПЛ - 0
    :Всего переменных ТС - 50
    :Всего переменных ТМ - 0
    :Всего переменных ТЧ - 0
    :Всего глобальных переменных - 0
    :Всего локальных переменных - 2
    :Всего глобальных массивов - 0
    :Всего локальных массивов - 0
    :Всего глобальных констант - 6
    :Всего локальных констант - 0
    :Всего последовательностей - 2
    :Всего вызовов процедур - 0
    :Всего вызовов функций - 0

:Переменные БД

    :ВА - нет
    :АВ - нет
    :ВД - нет
    :ДВ - нет
    :РВ - нет

:Внутренние переменные

    :ПВ - 950...999
    :ПЦ - нет
    :ПЛ - нет
    :ТС - 1...50
    :ТМ - нет
    :ТЧ - нет

:Глобальные переменные

    :Cтр - нет
    :Вещ64 - нет
    :Вещ32 - нет
    :Цел64 - нет
    :Цел32 - нет
    :Цел16 - нет
    :Цел8 - нет
    :Лог - нет

:Локальные переменные

    :Cтр - нет
    :Вещ64 - нет
    :Вещ32 - нет
    :Цел64 - нет
    :Цел32 - нет
    :Цел16 - tmrId
    :Цел8 - нет
    :Лог - isOverTmr

:Глобальные массивы

    :Cтр - нет
    :Вещ64 - нет
    :Вещ32 - нет
    :Цел64 - нет
    :Цел32 - нет
    :Цел16 - нет
    :Цел8 - нет
    :Лог - нет

:Локальные массивы

    :Cтр - нет
    :Вещ64 - нет
    :Вещ32 - нет
    :Цел64 - нет
    :Цел32 - нет
    :Цел16 - нет
    :Цел8 - нет
    :Лог - нет

:Глобальные константы

    :Cтр - нет
    :Вещ64 - нет
    :Вещ32 - нет
    :Цел64 - нет
    :Цел32 - нет
    :Цел16 - TIMER_IS_NOT_INIT = 0, TMR_TYPE_HOUR = 2, TMR_TYPE_MINUTE = 1, TMR_TYPE_SECOND = 0
    :Цел8 - нет
    :Лог - FALSE = 0, TRUE = 1

:Локальные константы

    :Cтр - нет
    :Вещ64 - нет
    :Вещ32 - нет
    :Цел64 - нет
    :Цел32 - нет
    :Цел16 - нет
    :Цел8 - нет
    :Лог - нет

:Последовательности

    :Имена - iTmrId, iTmrThreshold
    :iTmrId - [ 1...50 ] всего элементов 50, iTmrThreshold - [ 950...999 ] всего элементов 50

:***************************************************************************************************

:Функция TimerControl_StartTmr

:Общая статистика

    :Всего переменных БД - 0
    :Всего переменных ВА - 0
    :Всего переменных АВ - 0
    :Всего переменных ВД - 0
    :Всего переменных ДВ - 0
    :Всего переменных РВ - 0
    :Всего внутренних переменных - 100
    :Всего переменных ПВ - 50
    :Всего переменных ПЦ - 0
    :Всего переменных ПЛ - 0
    :Всего переменных ТС - 50
    :Всего переменных ТМ - 0
    :Всего переменных ТЧ - 0
    :Всего глобальных переменных - 0
    :Всего локальных переменных - 3
    :Всего глобальных массивов - 0
    :Всего локальных массивов - 0
    :Всего глобальных констант - 6
    :Всего локальных констант - 0
    :Всего последовательностей - 2
    :Всего вызовов процедур - 0
    :Всего вызовов функций - 0

:Переменные БД

    :ВА - нет
    :АВ - нет
    :ВД - нет
    :ДВ - нет
    :РВ - нет

:Внутренние переменные

    :ПВ - 950...999
    :ПЦ - нет
    :ПЛ - нет
    :ТС - 1...50
    :ТМ - нет
    :ТЧ - нет

:Глобальные переменные

    :Cтр - нет
    :Вещ64 - нет
    :Вещ32 - нет
    :Цел64 - нет
    :Цел32 - нет
    :Цел16 - нет
    :Цел8 - нет
    :Лог - нет

:Локальные переменные

    :Cтр - нет
    :Вещ64 - нет
    :Вещ32 - нет
    :Цел64 - нет
    :Цел32 - нет
    :Цел16 - tmrId
    :Цел8 - нет
    :Лог - tmrIsExist, tmrWasStopedBeforeStart

:Глобальные массивы

    :Cтр - нет
    :Вещ64 - нет
    :Вещ32 - нет
    :Цел64 - нет
    :Цел32 - нет
    :Цел16 - нет
    :Цел8 - нет
    :Лог - нет

:Локальные массивы

    :Cтр - нет
    :Вещ64 - нет
    :Вещ32 - нет
    :Цел64 - нет
    :Цел32 - нет
    :Цел16 - нет
    :Цел8 - нет
    :Лог - нет

:Глобальные константы

    :Cтр - нет
    :Вещ64 - нет
    :Вещ32 - нет
    :Цел64 - нет
    :Цел32 - нет
    :Цел16 - TIMER_IS_NOT_INIT = 0, TMR_TYPE_HOUR = 2, TMR_TYPE_MINUTE = 1, TMR_TYPE_SECOND = 0
    :Цел8 - нет
    :Лог - FALSE = 0, TRUE = 1

:Локальные константы

    :Cтр - нет
    :Вещ64 - нет
    :Вещ32 - нет
    :Цел64 - нет
    :Цел32 - нет
    :Цел16 - нет
    :Цел8 - нет
    :Лог - нет

:Последовательности

    :Имена - iTmrId, iTmrThreshold
    :iTmrId - [ 1...50 ] всего элементов 50, iTmrThreshold - [ 950...999 ] всего элементов 50

:***************************************************************************************************

:Функция TimerControl_StopTmr

:Общая статистика

    :Всего переменных БД - 0
    :Всего переменных ВА - 0
    :Всего переменных АВ - 0
    :Всего переменных ВД - 0
    :Всего переменных ДВ - 0
    :Всего переменных РВ - 0
    :Всего внутренних переменных - 100
    :Всего переменных ПВ - 50
    :Всего переменных ПЦ - 0
    :Всего переменных ПЛ - 0
    :Всего переменных ТС - 50
    :Всего переменных ТМ - 0
    :Всего переменных ТЧ - 0
    :Всего глобальных переменных - 0
    :Всего локальных переменных - 3
    :Всего глобальных массивов - 0
    :Всего локальных массивов - 0
    :Всего глобальных констант - 6
    :Всего локальных констант - 0
    :Всего последовательностей - 2
    :Всего вызовов процедур - 0
    :Всего вызовов функций - 0

:Переменные БД

    :ВА - нет
    :АВ - нет
    :ВД - нет
    :ДВ - нет
    :РВ - нет

:Внутренние переменные

    :ПВ - 950...999
    :ПЦ - нет
    :ПЛ - нет
    :ТС - 1...50
    :ТМ - нет
    :ТЧ - нет

:Глобальные переменные

    :Cтр - нет
    :Вещ64 - нет
    :Вещ32 - нет
    :Цел64 - нет
    :Цел32 - нет
    :Цел16 - нет
    :Цел8 - нет
    :Лог - нет

:Локальные переменные

    :Cтр - нет
    :Вещ64 - нет
    :Вещ32 - нет
    :Цел64 - нет
    :Цел32 - нет
    :Цел16 - tmrId
    :Цел8 - нет
    :Лог - tmrIsExist, tmrWasStartBeforeStoped

:Глобальные массивы

    :Cтр - нет
    :Вещ64 - нет
    :Вещ32 - нет
    :Цел64 - нет
    :Цел32 - нет
    :Цел16 - нет
    :Цел8 - нет
    :Лог - нет

:Локальные массивы

    :Cтр - нет
    :Вещ64 - нет
    :Вещ32 - нет
    :Цел64 - нет
    :Цел32 - нет
    :Цел16 - нет
    :Цел8 - нет
    :Лог - нет

:Глобальные константы

    :Cтр - нет
    :Вещ64 - нет
    :Вещ32 - нет
    :Цел64 - нет
    :Цел32 - нет
    :Цел16 - TIMER_IS_NOT_INIT = 0, TMR_TYPE_HOUR = 2, TMR_TYPE_MINUTE = 1, TMR_TYPE_SECOND = 0
    :Цел8 - нет
    :Лог - FALSE = 0, TRUE = 1

:Локальные константы

    :Cтр - нет
    :Вещ64 - нет
    :Вещ32 - нет
    :Цел64 - нет
    :Цел32 - нет
    :Цел16 - нет
    :Цел8 - нет
    :Лог - нет

:Последовательности

    :Имена - iTmrId, iTmrThreshold
    :iTmrId - [ 1...50 ] всего элементов 50, iTmrThreshold - [ 950...999 ] всего элементов 50

:***************************************************************************************************

:Функция TimerControl_TmrIsExist

:Общая статистика

    :Всего переменных БД - 0
    :Всего переменных ВА - 0
    :Всего переменных АВ - 0
    :Всего переменных ВД - 0
    :Всего переменных ДВ - 0
    :Всего переменных РВ - 0
    :Всего внутренних переменных - 50
    :Всего переменных ПВ - 50
    :Всего переменных ПЦ - 0
    :Всего переменных ПЛ - 0
    :Всего переменных ТС - 0
    :Всего переменных ТМ - 0
    :Всего переменных ТЧ - 0
    :Всего глобальных переменных - 0
    :Всего локальных переменных - 2
    :Всего глобальных массивов - 0
    :Всего локальных массивов - 0
    :Всего глобальных констант - 6
    :Всего локальных констант - 0
    :Всего последовательностей - 2
    :Всего вызовов процедур - 0
    :Всего вызовов функций - 0

:Переменные БД

    :ВА - нет
    :АВ - нет
    :ВД - нет
    :ДВ - нет
    :РВ - нет

:Внутренние переменные

    :ПВ - 950...999
    :ПЦ - нет
    :ПЛ - нет
    :ТС - нет
    :ТМ - нет
    :ТЧ - нет

:Глобальные переменные

    :Cтр - нет
    :Вещ64 - нет
    :Вещ32 - нет
    :Цел64 - нет
    :Цел32 - нет
    :Цел16 - нет
    :Цел8 - нет
    :Лог - нет

:Локальные переменные

    :Cтр - нет
    :Вещ64 - нет
    :Вещ32 - нет
    :Цел64 - нет
    :Цел32 - нет
    :Цел16 - tmrId
    :Цел8 - нет
    :Лог - tmrIsExist

:Глобальные массивы

    :Cтр - нет
    :Вещ64 - нет
    :Вещ32 - нет
    :Цел64 - нет
    :Цел32 - нет
    :Цел16 - нет
    :Цел8 - нет
    :Лог - нет

:Локальные массивы

    :Cтр - нет
    :Вещ64 - нет
    :Вещ32 - нет
    :Цел64 - нет
    :Цел32 - нет
    :Цел16 - нет
    :Цел8 - нет
    :Лог - нет

:Глобальные константы

    :Cтр - нет
    :Вещ64 - нет
    :Вещ32 - нет
    :Цел64 - нет
    :Цел32 - нет
    :Цел16 - TIMER_IS_NOT_INIT = 0, TMR_TYPE_HOUR = 2, TMR_TYPE_MINUTE = 1, TMR_TYPE_SECOND = 0
    :Цел8 - нет
    :Лог - FALSE = 0, TRUE = 1

:Локальные константы

    :Cтр - нет
    :Вещ64 - нет
    :Вещ32 - нет
    :Цел64 - нет
    :Цел32 - нет
    :Цел16 - нет
    :Цел8 - нет
    :Лог - нет

:Последовательности

    :Имена - iTmrId, iTmrThreshold
    :iTmrId - [ 1...50 ] всего элементов 50, iTmrThreshold - [ 950...999 ] всего элементов 50

:***************************************************************************************************
